{"tool":"phpunit","result":"passed","tests":36,"passed":35,"assertions":87,"duration_ms":3807,"skipped":1}
